---
source: miniextendr-macros/src/r_wrapper_builder/tests.rs
expression: output
---
# No args
.Call(C_my_fn, .call = match.call())

# Self only
.Call(C_Counter__get, .call = match.call(), self)

# Self + args
.Call(C_Counter__add, .call = match.call(), x, n, verbose)

# Static with args
.Call(C_Counter__from_parts, .call = match.call(), a, b, c)
